[templates.envytheme.com/ridgi/default/index.html]
[templates.envytheme.com/ridgi/default/assets/revolution/css/settings.css]
[templates.envytheme.com/ridgi/default/assets/revolution/css/layers.css]
[templates.envytheme.com/ridgi/default/assets/revolution/css/navigation.css]
[templates.envytheme.com/ridgi/default/assets/css/bootstrap.min.css]
[templates.envytheme.com/ridgi/default/assets/css/owl.theme.default.min.css]
[templates.envytheme.com/ridgi/default/assets/css/owl.carousel.min.css]
[templates.envytheme.com/ridgi/default/assets/css/magnific-popup.min.css]
[templates.envytheme.com/ridgi/default/assets/css/animate.min.css]
[templates.envytheme.com/ridgi/default/assets/css/boxicons.min.css]
[templates.envytheme.com/ridgi/default/assets/css/meanmenu.min.css]
[templates.envytheme.com/ridgi/default/assets/css/nice-select.min.css]
[templates.envytheme.com/ridgi/default/assets/css/odometer.min.css]
[templates.envytheme.com/ridgi/default/assets/css/date-picker.min.css]
[templates.envytheme.com/ridgi/default/assets/css/slick.min.css]
[templates.envytheme.com/ridgi/default/assets/css/style.css]
[templates.envytheme.com/ridgi/default/assets/css/responsive.css]
[templates.envytheme.com/ridgi/default/assets/img/favicon.png]
[backblue.gif]
[fade.gif]
[index.html]
[templates.envytheme.com/ridgi/default/assets/img/ridgi-logo.png]
[templates.envytheme.com/ridgi/default/index-2.html]
[templates.envytheme.com/ridgi/default/index-3.html]
[templates.envytheme.com/ridgi/default/index-4.html]
[templates.envytheme.com/ridgi/default/about.html]
[templates.envytheme.com/ridgi/default/services-grid.html]
[templates.envytheme.com/ridgi/default/service-details.html]
[templates.envytheme.com/ridgi/default/checkout.html]
[templates.envytheme.com/ridgi/default/cart.html]
[templates.envytheme.com/ridgi/default/product-grid-view.html]
[templates.envytheme.com/ridgi/default/product-list-view.html]
[templates.envytheme.com/ridgi/default/product-filter-view.html]
[templates.envytheme.com/ridgi/default/product-left-sidebar.html]
[templates.envytheme.com/ridgi/default/product-right-sidebar.html]
[templates.envytheme.com/ridgi/default/product-details.html]
[templates.envytheme.com/ridgi/default/blog-grid.html]
[templates.envytheme.com/ridgi/default/blog-right-sidebar.html]
[templates.envytheme.com/ridgi/default/blog-left-sidebar.html]
[templates.envytheme.com/ridgi/default/blog-details.html]
[templates.envytheme.com/ridgi/default/team.html]
[templates.envytheme.com/ridgi/default/faq.html]
[templates.envytheme.com/ridgi/default/coming-soon.html]
[templates.envytheme.com/ridgi/default/404.html]
[templates.envytheme.com/ridgi/default/log-in.html]
[templates.envytheme.com/ridgi/default/sign-up.html]
[templates.envytheme.com/ridgi/default/recover-password.html]
[templates.envytheme.com/ridgi/default/contact.html]
[templates.envytheme.com/ridgi/default/assets/img/flag/1.png]
[templates.envytheme.com/ridgi/default/assets/img/flag/2.png]
[templates.envytheme.com/ridgi/default/assets/img/flag/3.png]
[templates.envytheme.com/ridgi/default/assets/img/flag/4.png]
[templates.envytheme.com/ridgi/default/assets/img/offer/1.jpg]
[templates.envytheme.com/ridgi/default/service-details]
[templates.envytheme.com/ridgi/default/assets/img/offer/2.jpg]
[templates.envytheme.com/ridgi/default/assets/img/offer/3.jpg]
[templates.envytheme.com/ridgi/default/assets/img/choose-img.jpg]
[templates.envytheme.com/ridgi/default/assets/img/vehicles/1.jpg]
[templates.envytheme.com/ridgi/default/assets/img/vehicles/2.jpg]
[templates.envytheme.com/ridgi/default/assets/img/vehicles/3.jpg]
[templates.envytheme.com/ridgi/default/assets/img/vehicles/4.jpg]
[templates.envytheme.com/ridgi/default/assets/img/brand/1.png]
[templates.envytheme.com/ridgi/default/assets/img/brand/2.png]
[templates.envytheme.com/ridgi/default/assets/img/brand/3.png]
[templates.envytheme.com/ridgi/default/assets/img/brand/4.png]
[templates.envytheme.com/ridgi/default/assets/img/brand/5.png]
[templates.envytheme.com/ridgi/default/assets/img/who-we-are-img.jpg]
[templates.envytheme.com/ridgi/default/assets/img/who-we-are-img-two.jpg]
[templates.envytheme.com/ridgi/default/assets/img/support-img.jpg]
[templates.envytheme.com/ridgi/default/assets/img/customer/1.jpg]
[templates.envytheme.com/ridgi/default/assets/img/customer/2.jpg]
[templates.envytheme.com/ridgi/default/assets/img/customer/3.jpg]
[templates.envytheme.com/ridgi/default/assets/img/customer/4.jpg]
[templates.envytheme.com/ridgi/default/assets/img/customer/5.jpg]
[templates.envytheme.com/ridgi/default/assets/img/customer/6.jpg]
[templates.envytheme.com/ridgi/default/assets/img/blog/1.jpg]
[templates.envytheme.com/ridgi/default/assets/img/blog/2.jpg]
[templates.envytheme.com/ridgi/default/assets/img/blog/3.jpg]
[templates.envytheme.com/cdn-cgi/scripts/5c5dd728/cloudflare-static/email-decode.min.js]
[templates.envytheme.com/ridgi/default/assets/js/jquery.min.js]
[templates.envytheme.com/ridgi/default/assets/js/bootstrap.bundle.min.js]
[templates.envytheme.com/ridgi/default/assets/js/meanmenu.min.js]
[templates.envytheme.com/ridgi/default/assets/js/wow.min.js]
[templates.envytheme.com/ridgi/default/assets/js/owl.carousel.min.js]
[templates.envytheme.com/ridgi/default/assets/js/magnific-popup.min.js]
[templates.envytheme.com/ridgi/default/assets/js/mixitup.min.js]
[templates.envytheme.com/ridgi/default/assets/js/nice-select.min.js]
[templates.envytheme.com/ridgi/default/assets/js/appear.min.js]
[templates.envytheme.com/ridgi/default/assets/js/odometer.min.js]
[templates.envytheme.com/ridgi/default/assets/js/bootstrap-datepicker.min.js]
[templates.envytheme.com/ridgi/default/assets/js/jarallax.min.js]
[templates.envytheme.com/ridgi/default/assets/js/slick.min.js]
[templates.envytheme.com/ridgi/default/assets/js/ajaxchimp.min.js]
[templates.envytheme.com/ridgi/default/assets/js/form-validator.min.js]
[templates.envytheme.com/ridgi/default/assets/js/contact-form-script.js]
[templates.envytheme.com/ridgi/default/assets/js/custom.js]
[templates.envytheme.com/ridgi/default/assets/revolution/js/jquery.themepunch.tools.min.js]
[templates.envytheme.com/ridgi/default/assets/revolution/js/jquery.themepunch.revolution.min.js]
[templates.envytheme.com/ridgi/default/assets/revolution/js/extensions/revolution.extension.actions.min.js]
[templates.envytheme.com/ridgi/default/assets/revolution/js/extensions/revolution.extension.carousel.min.js]
[templates.envytheme.com/ridgi/default/assets/revolution/js/extensions/revolution.extension.kenburn.min.js]
[templates.envytheme.com/ridgi/default/assets/revolution/js/extensions/revolution.extension.layeranimation.min.js]
[templates.envytheme.com/ridgi/default/assets/revolution/js/extensions/revolution.extension.migration.min.js]
[templates.envytheme.com/ridgi/default/assets/revolution/js/extensions/revolution.extension.navigation.min.js]
[templates.envytheme.com/ridgi/default/assets/revolution/js/extensions/revolution.extension.parallax.min.js]
[templates.envytheme.com/ridgi/default/assets/revolution/js/extensions/revolution.extension.slideanims.min.js]
[templates.envytheme.com/ridgi/default/assets/revolution/js/extensions/revolution.extension.video.min.js]
[templates.envytheme.com/ridgi/default/index.html]
[templates.envytheme.com/ridgi/default/assets/revolution/js/rev-slider-custom.js]
[templates.envytheme.com/ridgi/default/assets/revolution/fonts/revicons/revicons90c6.eot]
[templates.envytheme.com/ridgi/default/assets/revolution/fonts/revicons/revicons90c6.woff]
[templates.envytheme.com/ridgi/default/assets/revolution/fonts/revicons/revicons90c6.ttf]
[templates.envytheme.com/ridgi/default/assets/revolution/fonts/revicons/revicons90c6.svg]
[templates.envytheme.com/ridgi/default/assets/revolution/css/openhand.cur]
[templates.envytheme.com/ridgi/default/assets/revolution/css/closedhand.cur]
[templates.envytheme.com/ridgi/default/assets/revolution/assets/gridtile.png]
[templates.envytheme.com/ridgi/default/assets/revolution/assets/gridtile_white.png]
[templates.envytheme.com/ridgi/default/assets/revolution/assets/gridtile_3x3.png]
[templates.envytheme.com/ridgi/default/assets/revolution/assets/gridtile_3x3_white.png]
[templates.envytheme.com/ridgi/default/assets/revolution/assets/coloredbg.png]
[templates.envytheme.com/ridgi/default/assets/revolution/assets/loader.gif]
[templates.envytheme.com/ridgi/default/assets/revolution/css/settings.css]
[templates.envytheme.com/ridgi/default/assets/revolution/css/layers.css]
[templates.envytheme.com/ridgi/default/assets/revolution/css/navigation.css]
[templates.envytheme.com/ridgi/default/assets/css/bootstrap.min.css]
[templates.envytheme.com/ridgi/default/assets/css/owl.theme.default.min.css]
[templates.envytheme.com/ridgi/default/assets/css/owl.video.play.png]
[templates.envytheme.com/ridgi/default/assets/css/owl.carousel.min.css]
[templates.envytheme.com/ridgi/default/assets/css/magnific-popup.min.css]
[templates.envytheme.com/ridgi/default/assets/css/animate.min.css]
[templates.envytheme.com/ridgi/default/assets/fonts/boxicons.eot]
[templates.envytheme.com/ridgi/default/assets/fonts/boxicons.woff2]
[templates.envytheme.com/ridgi/default/assets/fonts/boxicons.woff]
[templates.envytheme.com/ridgi/default/assets/fonts/boxicons.ttf]
[templates.envytheme.com/ridgi/default/assets/css/boxicons.min.css]
[templates.envytheme.com/ridgi/default/assets/css/meanmenu.min.css]
[templates.envytheme.com/ridgi/default/assets/css/nice-select.min.css]
[templates.envytheme.com/ridgi/default/assets/css/odometer.min.css]
[templates.envytheme.com/ridgi/default/assets/css/date-picker.min.css]
[templates.envytheme.com/ridgi/default/assets/css/slick.min.css]
[templates.envytheme.com/ridgi/default/assets/fonts/boxiconsd41d.svg]
[templates.envytheme.com/ridgi/default/assets/img/carousel-slider/1.jpg]
[templates.envytheme.com/ridgi/default/assets/img/carousel-slider/2.jpg]
[templates.envytheme.com/ridgi/default/assets/img/carousel-slider/3.jpg]
[templates.envytheme.com/ridgi/default/assets/img/shape/1.png]
[templates.envytheme.com/ridgi/default/assets/img/gallery/1.jpg]
[templates.envytheme.com/ridgi/default/assets/img/gallery/2.jpg]
[templates.envytheme.com/ridgi/default/assets/img/gallery/3.jpg]
[templates.envytheme.com/ridgi/default/assets/img/gallery/4.jpg]
[templates.envytheme.com/ridgi/default/assets/img/gallery/5.jpg]
[templates.envytheme.com/ridgi/default/assets/img/counter-bg.jpg]
[templates.envytheme.com/ridgi/default/assets/img/banner-two/1.jpg]
[templates.envytheme.com/ridgi/default/assets/img/choose-bg.jpg]
[templates.envytheme.com/ridgi/default/assets/img/book-bg.jpg]
[templates.envytheme.com/ridgi/default/assets/img/who-we-are-img-three.jpg]
[templates.envytheme.com/ridgi/default/assets/img/support-bg.jpg]
[templates.envytheme.com/ridgi/default/assets/img/team/team-bg.jpg]
[templates.envytheme.com/ridgi/default/assets/img/information-bg.jpg]
[templates.envytheme.com/ridgi/default/assets/img/banner-three/3.png]
[templates.envytheme.com/ridgi/default/assets/img/offer/8.jpg]
[templates.envytheme.com/ridgi/default/assets/img/book-bg-two.jpg]
[templates.envytheme.com/ridgi/default/assets/img/supportive-bg.jpg]
[templates.envytheme.com/ridgi/default/assets/img/page-bg.jpg]
[templates.envytheme.com/ridgi/default/assets/img/blog-details/2.jpg]
[templates.envytheme.com/ridgi/default/assets/img/blog-details/3.jpg]
[templates.envytheme.com/ridgi/default/assets/img/blog-details/4.jpg]
[templates.envytheme.com/ridgi/default/assets/img/blog-details/5.jpg]
[templates.envytheme.com/ridgi/default/assets/img/it/shape/3.png]
[templates.envytheme.com/ridgi/default/assets/img/coming-bg.jpg]
[templates.envytheme.com/ridgi/default/assets/css/style.css]
[templates.envytheme.com/ridgi/default/assets/css/responsive.css]
[templates.envytheme.com/ridgi/default/assets/img/banner-two/car-img.png]
[templates.envytheme.com/ridgi/default/assets/img/banner-two/2.png]
[templates.envytheme.com/ridgi/default/assets/img/banner-two/3.png]
[templates.envytheme.com/ridgi/default/assets/img/choose-img-two.png]
[templates.envytheme.com/ridgi/default/assets/img/offer/4.jpg]
[templates.envytheme.com/ridgi/default/assets/img/offer/5.jpg]
[templates.envytheme.com/ridgi/default/assets/img/offer/6.jpg]
[templates.envytheme.com/ridgi/default/assets/img/offer/7.jpg]
[templates.envytheme.com/ridgi/default/assets/img/support-img-two.png]
[templates.envytheme.com/ridgi/default/assets/img/team/1.jpg]
[templates.envytheme.com/ridgi/default/assets/img/team/2.jpg]
[templates.envytheme.com/ridgi/default/assets/img/team/3.jpg]
[templates.envytheme.com/ridgi/default/index-2.html]
[templates.envytheme.com/ridgi/default/assets/img/banner-three/car.png]
[templates.envytheme.com/ridgi/default/assets/img/banner-three/1.png]
[templates.envytheme.com/ridgi/default/assets/img/choose-img-three.png]
[templates.envytheme.com/ridgi/default/assets/img/faq-img.png]
[templates.envytheme.com/ridgi/default/index-3.html]
[templates.envytheme.com/ridgi/default/assets/img/revolution-slider/1.jpg]
[templates.envytheme.com/ridgi/default/assets/img/revolution-slider/2.jpg]
[templates.envytheme.com/ridgi/default/assets/img/revolution-slider/3.jpg]
[templates.envytheme.com/ridgi/default/index-4.html]
[templates.envytheme.com/ridgi/default/about.html]
[templates.envytheme.com/ridgi/default/services-grid.html]
[templates.envytheme.com/ridgi/default/assets/img/service-details/1.jpg]
[templates.envytheme.com/ridgi/default/assets/img/service-details/2.jpg]
[templates.envytheme.com/ridgi/default/assets/img/service-details/3.jpg]
[templates.envytheme.com/ridgi/default/service-details.html]
[templates.envytheme.com/ridgi/default/checkout.html]
[templates.envytheme.com/ridgi/default/assets/img/cart/1.jpg]
[templates.envytheme.com/ridgi/default/assets/img/cart/2.jpg]
[templates.envytheme.com/ridgi/default/assets/img/cart/3.jpg]
[templates.envytheme.com/ridgi/default/assets/img/cart/4.jpg]
[templates.envytheme.com/ridgi/default/cart.html]
[templates.envytheme.com/ridgi/default/assets/img/product/1.jpg]
[templates.envytheme.com/ridgi/default/assets/img/product/2.jpg]
[templates.envytheme.com/ridgi/default/assets/img/product/3.jpg]
[templates.envytheme.com/ridgi/default/assets/img/product/4.jpg]
[templates.envytheme.com/ridgi/default/assets/img/product/5.jpg]
[templates.envytheme.com/ridgi/default/assets/img/product/6.jpg]
[templates.envytheme.com/ridgi/default/assets/img/product/7.jpg]
[templates.envytheme.com/ridgi/default/assets/img/product/8.jpg]
[templates.envytheme.com/ridgi/default/assets/img/product/9.jpg]
[templates.envytheme.com/ridgi/default/assets/img/product/10.jpg]
[templates.envytheme.com/ridgi/default/assets/img/product/11.jpg]
[templates.envytheme.com/ridgi/default/assets/img/product/12.jpg]
[templates.envytheme.com/ridgi/default/assets/img/product/13.jpg]
[templates.envytheme.com/ridgi/default/assets/img/product/14.jpg]
[templates.envytheme.com/ridgi/default/product-grid-view.html]
[templates.envytheme.com/ridgi/default/product-list-view.html]
[templates.envytheme.com/ridgi/default/product-filter-view.html]
[templates.envytheme.com/ridgi/default/product-left-sidebar.html]
[templates.envytheme.com/ridgi/default/product-right-sidebar.html]
[templates.envytheme.com/ridgi/default/assets/img/shop-details/1.jpg]
[templates.envytheme.com/ridgi/default/assets/img/shop-details/payment/1.svg]
[templates.envytheme.com/ridgi/default/assets/img/shop-details/payment/2.svg]
[templates.envytheme.com/ridgi/default/assets/img/shop-details/payment/3.svg]
[templates.envytheme.com/ridgi/default/assets/img/shop-details/payment/4.svg]
[templates.envytheme.com/ridgi/default/assets/img/shop-details/payment/5.svg]
[templates.envytheme.com/ridgi/default/product-details.html]
[templates.envytheme.com/ridgi/default/assets/img/shop-details/payment/6.svg]
[templates.envytheme.com/ridgi/default/assets/img/blog/4.jpg]
[templates.envytheme.com/ridgi/default/assets/img/blog/5.jpg]
[templates.envytheme.com/ridgi/default/assets/img/blog/6.jpg]
[templates.envytheme.com/ridgi/default/assets/img/blog/7.jpg]
[templates.envytheme.com/ridgi/default/assets/img/blog/8.jpg]
[templates.envytheme.com/ridgi/default/assets/img/blog/9.jpg]
[templates.envytheme.com/ridgi/default/blog-grid.html]
[templates.envytheme.com/ridgi/default/blog-right-sidebar.html]
[templates.envytheme.com/ridgi/default/blog-left-sidebar.html]
[templates.envytheme.com/ridgi/default/assets/img/blog-details/1.jpg]
[templates.envytheme.com/ridgi/default/blog-details.html]
[templates.envytheme.com/ridgi/default/assets/img/team/4.jpg]
[templates.envytheme.com/ridgi/default/assets/img/team/5.jpg]
[templates.envytheme.com/ridgi/default/assets/img/team/6.jpg]
[templates.envytheme.com/ridgi/default/assets/img/team/7.jpg]
[templates.envytheme.com/ridgi/default/assets/img/team/8.jpg]
[templates.envytheme.com/ridgi/default/assets/img/team/9.jpg]
[templates.envytheme.com/ridgi/default/team.html]
[templates.envytheme.com/ridgi/default/faq.html]
[templates.envytheme.com/ridgi/default/coming-soon.html]
[templates.envytheme.com/ridgi/default/assets/img/1.gif]
[templates.envytheme.com/ridgi/default/404.html]
[templates.envytheme.com/ridgi/default/log-in.html]
[templates.envytheme.com/ridgi/default/sign-up.html]
[templates.envytheme.com/ridgi/default/recover-password.html]
[templates.envytheme.com/ridgi/default/contact.html]
[templates.envytheme.com/ridgi/default/service-details-2.html]
[templates.envytheme.com/ridgi/default/assets/revolution/fonts/revicons/revicons90c6.svg]
[templates.envytheme.com/ridgi/default/assets/revolution/assets/gridtile.html]
[templates.envytheme.com/ridgi/default/assets/revolution/assets/gridtile_white.html]
[templates.envytheme.com/ridgi/default/assets/revolution/assets/gridtile_3x3.html]
[templates.envytheme.com/ridgi/default/assets/revolution/assets/gridtile_3x3_white.html]
[templates.envytheme.com/ridgi/default/assets/revolution/assets/coloredbg.html]
[templates.envytheme.com/ridgi/default/assets/revolution/assets/loader.html]
[templates.envytheme.com/ridgi/default/assets/css/owl.video.play.html]
[templates.envytheme.com/ridgi/default/assets/fonts/boxiconsd41d.svg]
[templates.envytheme.com/ridgi/default/assets/img/it/shape/3.html]
[templates.envytheme.com/ridgi/default/assets/img/shop-details/payment/1.svg]
[templates.envytheme.com/ridgi/default/assets/img/shop-details/payment/2.svg]
[templates.envytheme.com/ridgi/default/assets/img/shop-details/payment/3.svg]
[templates.envytheme.com/ridgi/default/assets/img/shop-details/payment/4.svg]
[templates.envytheme.com/ridgi/default/assets/img/shop-details/payment/5.svg]
[templates.envytheme.com/ridgi/default/assets/img/shop-details/payment/6.svg]
